[dotenv@17.2.2] injecting env (5) from .env -- tip: ­ƒøá´©Å  run anywhere with `dotenvx run -- yourcommand`

--- Testing FRONT ---
node : FAILED for FRONT: 429 You 
exceeded your current quota, please 
check your plan and billing details. 
For more information on this error, 
read the docs: https://platform.openai
.com/docs/guides/error-codes/api-error
s.
En línea: 1 Carácter: 1
+ node test-openai-extraction.js > 
test_output.txt 2>&1
+ ~~~~~~~~~~~~~~~~~~~~~~~~~~~~~~~~~~~~
~~~~~~~~~~~~~~~~~
    + CategoryInfo          : NotSpec 
   ified: (FAILED for FRON...des/api  
  -errors.:String) [], RemoteExcept   
 ion
    + FullyQualifiedErrorId : NativeC 
   ommandError
 

--- Testing BACK ---
FAILED for BACK: 429 You exceeded 
your current quota, please check your 
plan and billing details. For more 
information on this error, read the 
docs: https://platform.openai.com/docs
/guides/error-codes/api-errors.
